"2026-03-06 17:24:10,714 [INFO] Logging started at /home/stuart/DWC/Plugins/duetPrintGuard/test.log"
"2026-03-06 17:24:10,715 [DEBUG] Connection attempt: 0 url: http://192.168.30.41/rr_connect?sessionKey=yes&password=reprap post:False"
"2026-03-06 17:24:10,767 [DEBUG] Connection attempt: 0 url: http://192.168.30.41/rr_gcode?gcode=M115 post:False"
"2026-03-06 17:24:10,779 [DEBUG] Connection attempt: 0 url: http://192.168.30.41/rr_gcode?gcode=M291 S1 T0 P"Pausing print" post:False"
"2026-03-06 17:24:10,790 [DEBUG] Connection attempt: 0 url: http://192.168.30.41/rr_gcode?gcode=M98 P"pause.g" post:False"
"2026-03-06 17:24:10,800 [DEBUG] Connection attempt: 0 url: http://192.168.30.41/rr_gcode?gcode=M291 S1 T0 P"Cancelling print" post:False"
"2026-03-06 17:24:10,814 [DEBUG] Connection attempt: 0 url: http://192.168.30.41/rr_gcode?gcode=M98 P"cancel.g" post:False"
"2026-03-06 17:24:10,824 [DEBUG] Connection attempt: 0 url: http://192.168.30.41/rr_gcode?gcode=M291 S1 T0 P"Stopping print" post:False"
"2026-03-06 17:24:10,834 [DEBUG] Connection attempt: 0 url: http://192.168.30.41/rr_gcode?gcode=M98 P"stop.g" post:False"
